<testsuites name="results">
  <testsuite name="all" package="all">
    <property name="random_seed" value="1747998135" />
    <testcase name="dut_test" classname="dut_test" file="/mnt/c/Users/kesir/Desktop/projects/interfaces-sureshwarkesiraju/tests/dut_test.py" lineno="11" time="0.009258270263671875" sim_time_ns="505.001" ratio_time="54545.934134322204" />
  </testsuite>
</testsuites>
